------------------------------------------------------------
Timing Analyzer Summary
------------------------------------------------------------

Type  : Slow 1200mV 85C Model Setup 'CLK'
Slack : -2.478
TNS   : -47.576

Type  : Slow 1200mV 85C Model Setup 'clkdiv10:Clkdiv10|cnt[10]'
Slack : -2.395
TNS   : -18.273

Type  : Slow 1200mV 85C Model Setup 'clkdiv:Clkdiv1|cnt[22]'
Slack : -1.947
TNS   : -22.213

Type  : Slow 1200mV 85C Model Hold 'clkdiv10:Clkdiv10|cnt[10]'
Slack : 0.453
TNS   : 0.000

Type  : Slow 1200mV 85C Model Hold 'CLK'
Slack : 0.599
TNS   : 0.000

Type  : Slow 1200mV 85C Model Hold 'clkdiv:Clkdiv1|cnt[22]'
Slack : 0.631
TNS   : 0.000

Type  : Slow 1200mV 85C Model Minimum Pulse Width 'CLK'
Slack : -3.000
TNS   : -53.558

Type  : Slow 1200mV 85C Model Minimum Pulse Width 'clkdiv:Clkdiv1|cnt[22]'
Slack : -1.487
TNS   : -23.792

Type  : Slow 1200mV 85C Model Minimum Pulse Width 'clkdiv10:Clkdiv10|cnt[10]'
Slack : -1.487
TNS   : -19.331

Type  : Slow 1200mV 0C Model Setup 'clkdiv10:Clkdiv10|cnt[10]'
Slack : -2.247
TNS   : -16.370

Type  : Slow 1200mV 0C Model Setup 'CLK'
Slack : -2.073
TNS   : -38.918

Type  : Slow 1200mV 0C Model Setup 'clkdiv:Clkdiv1|cnt[22]'
Slack : -1.620
TNS   : -18.309

Type  : Slow 1200mV 0C Model Hold 'clkdiv10:Clkdiv10|cnt[10]'
Slack : 0.401
TNS   : 0.000

Type  : Slow 1200mV 0C Model Hold 'CLK'
Slack : 0.547
TNS   : 0.000

Type  : Slow 1200mV 0C Model Hold 'clkdiv:Clkdiv1|cnt[22]'
Slack : 0.564
TNS   : 0.000

Type  : Slow 1200mV 0C Model Minimum Pulse Width 'CLK'
Slack : -3.000
TNS   : -53.558

Type  : Slow 1200mV 0C Model Minimum Pulse Width 'clkdiv:Clkdiv1|cnt[22]'
Slack : -1.487
TNS   : -23.792

Type  : Slow 1200mV 0C Model Minimum Pulse Width 'clkdiv10:Clkdiv10|cnt[10]'
Slack : -1.487
TNS   : -19.331

Type  : Fast 1200mV 0C Model Setup 'CLK'
Slack : -0.548
TNS   : -3.994

Type  : Fast 1200mV 0C Model Setup 'clkdiv10:Clkdiv10|cnt[10]'
Slack : -0.446
TNS   : -2.945

Type  : Fast 1200mV 0C Model Setup 'clkdiv:Clkdiv1|cnt[22]'
Slack : -0.304
TNS   : -1.508

Type  : Fast 1200mV 0C Model Hold 'clkdiv10:Clkdiv10|cnt[10]'
Slack : 0.185
TNS   : 0.000

Type  : Fast 1200mV 0C Model Hold 'CLK'
Slack : 0.244
TNS   : 0.000

Type  : Fast 1200mV 0C Model Hold 'clkdiv:Clkdiv1|cnt[22]'
Slack : 0.264
TNS   : 0.000

Type  : Fast 1200mV 0C Model Minimum Pulse Width 'CLK'
Slack : -3.000
TNS   : -39.371

Type  : Fast 1200mV 0C Model Minimum Pulse Width 'clkdiv:Clkdiv1|cnt[22]'
Slack : -1.000
TNS   : -16.000

Type  : Fast 1200mV 0C Model Minimum Pulse Width 'clkdiv10:Clkdiv10|cnt[10]'
Slack : -1.000
TNS   : -13.000

------------------------------------------------------------
