------------------------------------------------------------
Timing Analyzer Summary
------------------------------------------------------------

Type  : Slow 1200mV 85C Model Setup 'CLK'
Slack : -2.338
TNS   : -44.921

Type  : Slow 1200mV 85C Model Setup 'clkdiv:Clkdiv1|cnt[20]'
Slack : -1.617
TNS   : -20.129

Type  : Slow 1200mV 85C Model Setup 'clkdiv10:Clkdiv10|cnt[11]'
Slack : -0.003
TNS   : -0.003

Type  : Slow 1200mV 85C Model Hold 'clkdiv10:Clkdiv10|cnt[11]'
Slack : 0.452
TNS   : 0.000

Type  : Slow 1200mV 85C Model Hold 'clkdiv:Clkdiv1|cnt[20]'
Slack : 0.464
TNS   : 0.000

Type  : Slow 1200mV 85C Model Hold 'CLK'
Slack : 0.603
TNS   : 0.000

Type  : Slow 1200mV 85C Model Minimum Pulse Width 'CLK'
Slack : -3.000
TNS   : -52.071

Type  : Slow 1200mV 85C Model Minimum Pulse Width 'clkdiv:Clkdiv1|cnt[20]'
Slack : -1.487
TNS   : -23.792

Type  : Slow 1200mV 85C Model Minimum Pulse Width 'clkdiv10:Clkdiv10|cnt[11]'
Slack : -1.487
TNS   : -2.974

Type  : Slow 1200mV 0C Model Setup 'CLK'
Slack : -1.955
TNS   : -36.736

Type  : Slow 1200mV 0C Model Setup 'clkdiv:Clkdiv1|cnt[20]'
Slack : -1.394
TNS   : -16.982

Type  : Slow 1200mV 0C Model Setup 'clkdiv10:Clkdiv10|cnt[11]'
Slack : 0.091
TNS   : 0.000

Type  : Slow 1200mV 0C Model Hold 'clkdiv10:Clkdiv10|cnt[11]'
Slack : 0.402
TNS   : 0.000

Type  : Slow 1200mV 0C Model Hold 'clkdiv:Clkdiv1|cnt[20]'
Slack : 0.416
TNS   : 0.000

Type  : Slow 1200mV 0C Model Hold 'CLK'
Slack : 0.541
TNS   : 0.000

Type  : Slow 1200mV 0C Model Minimum Pulse Width 'CLK'
Slack : -3.000
TNS   : -52.071

Type  : Slow 1200mV 0C Model Minimum Pulse Width 'clkdiv:Clkdiv1|cnt[20]'
Slack : -1.487
TNS   : -23.792

Type  : Slow 1200mV 0C Model Minimum Pulse Width 'clkdiv10:Clkdiv10|cnt[11]'
Slack : -1.487
TNS   : -2.974

Type  : Fast 1200mV 0C Model Setup 'CLK'
Slack : -0.672
TNS   : -3.586

Type  : Fast 1200mV 0C Model Setup 'clkdiv:Clkdiv1|cnt[20]'
Slack : -0.140
TNS   : -0.656

Type  : Fast 1200mV 0C Model Setup 'clkdiv10:Clkdiv10|cnt[11]'
Slack : 0.564
TNS   : 0.000

Type  : Fast 1200mV 0C Model Hold 'clkdiv10:Clkdiv10|cnt[11]'
Slack : 0.186
TNS   : 0.000

Type  : Fast 1200mV 0C Model Hold 'clkdiv:Clkdiv1|cnt[20]'
Slack : 0.193
TNS   : 0.000

Type  : Fast 1200mV 0C Model Hold 'CLK'
Slack : 0.252
TNS   : 0.000

Type  : Fast 1200mV 0C Model Minimum Pulse Width 'CLK'
Slack : -3.000
TNS   : -38.229

Type  : Fast 1200mV 0C Model Minimum Pulse Width 'clkdiv:Clkdiv1|cnt[20]'
Slack : -1.000
TNS   : -16.000

Type  : Fast 1200mV 0C Model Minimum Pulse Width 'clkdiv10:Clkdiv10|cnt[11]'
Slack : -1.000
TNS   : -2.000

------------------------------------------------------------
