------------------------------------------------------------
Timing Analyzer Summary
------------------------------------------------------------

Type  : Slow 1200mV 85C Model Setup 'CLK'
Slack : -1.928
TNS   : -20.919

Type  : Slow 1200mV 85C Model Setup 'clkdiv:Updater|cnt[15]'
Slack : -0.002
TNS   : -0.002

Type  : Slow 1200mV 85C Model Hold 'clkdiv:Updater|cnt[15]'
Slack : 0.452
TNS   : 0.000

Type  : Slow 1200mV 85C Model Hold 'CLK'
Slack : 0.604
TNS   : 0.000

Type  : Slow 1200mV 85C Model Minimum Pulse Width 'CLK'
Slack : -3.000
TNS   : -26.792

Type  : Slow 1200mV 85C Model Minimum Pulse Width 'clkdiv:Updater|cnt[15]'
Slack : -1.487
TNS   : -2.974

Type  : Slow 1200mV 0C Model Setup 'CLK'
Slack : -1.621
TNS   : -17.116

Type  : Slow 1200mV 0C Model Setup 'clkdiv:Updater|cnt[15]'
Slack : 0.092
TNS   : 0.000

Type  : Slow 1200mV 0C Model Hold 'clkdiv:Updater|cnt[15]'
Slack : 0.402
TNS   : 0.000

Type  : Slow 1200mV 0C Model Hold 'CLK'
Slack : 0.540
TNS   : 0.000

Type  : Slow 1200mV 0C Model Minimum Pulse Width 'CLK'
Slack : -3.000
TNS   : -26.792

Type  : Slow 1200mV 0C Model Minimum Pulse Width 'clkdiv:Updater|cnt[15]'
Slack : -1.487
TNS   : -2.974

Type  : Fast 1200mV 0C Model Setup 'CLK'
Slack : -0.418
TNS   : -1.217

Type  : Fast 1200mV 0C Model Setup 'clkdiv:Updater|cnt[15]'
Slack : 0.565
TNS   : 0.000

Type  : Fast 1200mV 0C Model Hold 'clkdiv:Updater|cnt[15]'
Slack : 0.186
TNS   : 0.000

Type  : Fast 1200mV 0C Model Hold 'CLK'
Slack : 0.252
TNS   : 0.000

Type  : Fast 1200mV 0C Model Minimum Pulse Width 'CLK'
Slack : -3.000
TNS   : -20.070

Type  : Fast 1200mV 0C Model Minimum Pulse Width 'clkdiv:Updater|cnt[15]'
Slack : -1.000
TNS   : -2.000

------------------------------------------------------------
